node.exe : npm verbose cli C:\Program Files\n
odejs\node.exe C:\Program Files\nodejs\node_m
odules\npm\bin\npm-cli.js
At C:\Program Files\nodejs\npm.ps1:29 char:3
+   & $NODE_EXE $NPM_CLI_JS $args
+   ~~~~~~~~~~~~~~~~~~~~~~~~~~~~~
    + CategoryInfo          : NotSpecified:  
   (npm verbose cli...\bin\npm-cli.js:Strin  
  g) [], RemoteException
    + FullyQualifiedErrorId : NativeCommandE 
   rror
 
npm info using npm@10.9.2
npm info using node@v22.14.0
npm verbose title npm test
npm verbose argv "test" "--no-coverage" "--lo
glevel" "verbose"
npm verbose logfile logs-max:10 dir:C:\Users\
User\AppData\Local\npm-cache\_logs\2025-12-21
T08_54_32_535Z-
npm verbose logfile C:\Users\User\AppData\Loc
al\npm-cache\_logs\2025-12-21T08_54_32_535Z-d
ebug-0.log

> posicheck@0.0.0 test
> jest

jest-haste-map: duplicate manual mock found: dicom.service
  The following files share their name; please delete one of them:
    * <rootDir>\dist-electron\services\__mocks__\dicom.service.js
    * <rootDir>\src\electron\services\__mocks__\dicom.service.ts

PASS src/electron/services/__tests__/dicom.se
rvice.test.ts (6.726 s)
PASS src/ui/components/__tests__/ErrorCategor
y.test.tsx (7.602 s)
PASS src/ui/components/__tests__/Button.test.
tsx (7.588 s)
FAIL src/ui/components/__tests__/InputField.t
est.tsx
  ΓùÅ Test suite failed to run

    [96msrc/ui/components/InputField.tsx[0m
:[93m12[0m:[93m5[0m - [91merror[0m[90m
 TS7026: [0mJSX element implicitly has type 
'any' because no interface 'JSX.IntrinsicElem
ents' exists.

    [7m12[0m     <div className="flex flex-
col mb-4">
    [7m  [0m [91m    ~~~~~~~~~~~~~~~~~~~~~
~~~~~~~~~~~~~~~[0m
    [96msrc/ui/components/InputField.tsx[0m
:[93m12[0m:[93m6[0m - [91merror[0m[90m
 TS2874: [0mThis JSX tag requires 'React' to
 be in scope, but it could not be found.

    [7m12[0m     <div className="flex flex-
col mb-4">
    [7m  [0m [91m     ~~~[0m
    [96msrc/ui/components/InputField.tsx[0m
:[93m13[0m:[93m7[0m - [91merror[0m[90m
 TS7026: [0mJSX element implicitly has type 
'any' because no interface 'JSX.IntrinsicElem
ents' exists.

    [7m13[0m       <label className="font-s
emibold text-gray-700 mb-1">{label}</label>  
    {textarea ? (
    [7m  [0m [91m      ~~~~~~~~~~~~~~~~~~~
~~~~~~~~~~~~~~~~~~~~~~~~~~~~~~~~~[0m
    [96msrc/ui/components/InputField.tsx[0m
:[93m13[0m:[93m8[0m - [91merror[0m[90m
 TS2874: [0mThis JSX tag requires 'React' to
 be in scope, but it could not be found.

    [7m13[0m       <label className="font-s
emibold text-gray-700 mb-1">{label}</label>  
    {textarea ? (
    [7m  [0m [91m       ~~~~~[0m
    [96msrc/ui/components/InputField.tsx[0m
:[93m13[0m:[93m66[0m - [91merror[0m[90
m TS7026: [0mJSX element implicitly has type
 'any' because no interface 'JSX.IntrinsicEle
ments' exists.

    [7m13[0m       <label className="font-s
emibold text-gray-700 mb-1">{label}</label>  
    {textarea ? (
    [7m  [0m [91m                         
                                        ~~~~~
~~~[0m
    [96msrc/ui/components/InputField.tsx[0m
:[93m14[0m:[93m9[0m - [91merror[0m[90m
 TS7026: [0mJSX element implicitly has type 
'any' because no interface 'JSX.IntrinsicElem
ents' exists.

    [7m 14[0m         <textarea
    [7m   [0m [91m        ~~~~~~~~~[0m
    [7m 15[0m           className="border b
order-violet-200 rounded p-2 resize-none bg-v
iolet-50 text-slate-700 focus:outline-none fo
cus:ring-1 focus:ring-violet-400 focus:border
-violet-400 focus:bg-white transition"
    [7m   [0m [91m~~~~~~~~~~~~~~~~~~~~~~~~
~~~~~~~~~~~~~~~~~~~~~~~~~~~~~~~~~~~~~~~~~~~~~
~~~~~~~~~~~~~~~~~~~~~~~~~~~~~~~~~~~~~~~~~~~~~
~~~~~~~~~~~~~~~~~~~~~~~~~~~~~~~~~~~~~~~~~~~~~
~~~~~~~~~~~~~~~~~~~~~~~~~~~~~~~~~~~~~~~~~~~[
0m
    [7m...[0m 
    [7m 19[0m           onChange={(e) => on
Change(e.target.value)}
    [7m   [0m [91m~~~~~~~~~~~~~~~~~~~~~~~~
~~~~~~~~~~~~~~~~~~~~~~~~~~~~[0m
    [7m 20[0m         />
    [7m   [0m [91m~~~~~~~~~~[0m
    [96msrc/ui/components/InputField.tsx[0m
:[93m14[0m:[93m10[0m - [91merror[0m[90
m TS2874: [0mThis JSX tag requires 'React' t
o be in scope, but it could not be found.

    [7m14[0m         <textarea
    [7m  [0m [91m         ~~~~~~~~[0m
    [96msrc/ui/components/InputField.tsx[0m
:[93m19[0m:[93m22[0m - [91merror[0m[90
m TS7006: [0mParameter 'e' implicitly has an
 'any' type.

    [7m19[0m           onChange={(e) => onC
hange(e.target.value)}
    [7m  [0m [91m                     ~[0
m
    [96msrc/ui/components/InputField.tsx[0m
:[93m21[0m:[93m20[0m - [91merror[0m[90
m TS7026: [0mJSX element implicitly has type
 'any' because no interface 'JSX.IntrinsicEle
ments' exists.

    [7m 21[0m       ) : (        <input
    [7m   [0m [91m                   ~~~~~
~[0m
    [7m 22[0m           type={type}
    [7m   [0m [91m~~~~~~~~~~~~~~~~~~~~~[0
m
    [7m...[0m 
    [7m 26[0m           onChange={(e) => on
Change(e.target.value)}
    [7m   [0m [91m~~~~~~~~~~~~~~~~~~~~~~~~
~~~~~~~~~~~~~~~~~~~~~~~~~~~~[0m
    [7m 27[0m         />
    [7m   [0m [91m~~~~~~~~~~[0m
    [96msrc/ui/components/InputField.tsx[0m
:[93m21[0m:[93m21[0m - [91merror[0m[90
m TS2874: [0mThis JSX tag requires 'React' t
o be in scope, but it could not be found.

    [7m21[0m       ) : (        <input
    [7m  [0m [91m                    ~~~~~
[0m
    [96msrc/ui/components/InputField.tsx[0m
:[93m26[0m:[93m22[0m - [91merror[0m[90
m TS7006: [0mParameter 'e' implicitly has an
 'any' type.

    [7m26[0m           onChange={(e) => onC
hange(e.target.value)}
    [7m  [0m [91m                     ~[0
m
    [96msrc/ui/components/InputField.tsx[0m
:[93m29[0m:[93m5[0m - [91merror[0m[90m
 TS7026: [0mJSX element implicitly has type 
'any' because no interface 'JSX.IntrinsicElem
ents' exists.

    [7m29[0m     </div>
    [7m  [0m [91m    ~~~~~~[0m

PASS src/ui/components/__tests__/UploadBox.te
st.tsx (8.174 s)
  ΓùÅ Console

    console.log
      UploadBox.updatePreview called with: { 
name: 'new-image.png', dataLength: 34 }

      at Object.updatePreview (src/ui/compone
nts/UploadBox.tsx:48:15)

    console.error
      An update to UploadBox inside a test wa
s not wrapped in act(...).
      
      When testing, code that causes React st
ate updates should be wrapped into act(...):
      
      act(() => {
        /* fire events that update state */
      });
      /* assert on the output */
      
      This ensures that you're testing the be
havior the user would see in the browser. Lea
rn more at https://react.dev/link/wrap-tests-
with-act

    [0m [90m 48 |[39m       console[33m.
[39mlog([32m'UploadBox.updatePreview called 
with:'[39m[33m,[39m { name[33m,[39m data
Length[33m:[39m imageData[33m?[39m[33m.
[39mlength })[33m;[39m
     [90m 49 |[39m       flushSync(() [33m
=>[39m {
    [31m[1m>[22m[39m[90m 50 |[39m      
   setHasManualOverride([36mtrue[39m)[33m;
[39m
     [90m    |[39m         [31m[1m^[22m
[39m
     [90m 51 |[39m         setPreview(image
Data)[33m;[39m
     [90m 52 |[39m         setFileName(name
)[33m;[39m
     [90m 53 |[39m       })[33m;[39m[0m

      at node_modules/react-dom/cjs/react-dom
-client.development.js:16023:19
      at runWithFiberInDEV (node_modules/reac
t-dom/cjs/react-dom-client.development.js:152
2:13)
      at warnIfUpdatesNotWrappedWithActDEV (n
ode_modules/react-dom/cjs/react-dom-client.de
velopment.js:16022:9)
      at scheduleUpdateOnFiber (node_modules/
react-dom/cjs/react-dom-client.development.js
:14396:11)
      at dispatchSetStateInternal (node_modul
es/react-dom/cjs/react-dom-client.development
.js:6969:13)
      at dispatchSetState (node_modules/react
-dom/cjs/react-dom-client.development.js:6927
:7)
      at src/ui/components/UploadBox.tsx:50:9
      at process.env.NODE_ENV.exports.flushSy
nc (node_modules/react-dom/cjs/react-dom.deve
lopment.js:136:18)
      at Object.updatePreview (src/ui/compone
nts/UploadBox.tsx:49:16)
      at Object.<anonymous> (src/ui/component
s/__tests__/UploadBox.test.tsx:147:20)

    console.error
      An update to UploadBox inside a test wa
s not wrapped in act(...).
      
      When testing, code that causes React st
ate updates should be wrapped into act(...):
      
      act(() => {
        /* fire events that update state */
      });
      /* assert on the output */
      
      This ensures that you're testing the be
havior the user would see in the browser. Lea
rn more at https://react.dev/link/wrap-tests-
with-act

    [0m [90m 49 |[39m       flushSync(() 
[33m=>[39m {
     [90m 50 |[39m         setHasManualOver
ride([36mtrue[39m)[33m;[39m
    [31m[1m>[22m[39m[90m 51 |[39m      
   setPreview(imageData)[33m;[39m
     [90m    |[39m         [31m[1m^[22m
[39m
     [90m 52 |[39m         setFileName(name
)[33m;[39m
     [90m 53 |[39m       })[33m;[39m
     [90m 54 |[39m       console[33m.[39m
log([32m'UploadBox preview state updated'[3
9m)[33m;[39m[0m

      at node_modules/react-dom/cjs/react-dom
-client.development.js:16023:19
      at runWithFiberInDEV (node_modules/reac
t-dom/cjs/react-dom-client.development.js:152
2:13)
      at warnIfUpdatesNotWrappedWithActDEV (n
ode_modules/react-dom/cjs/react-dom-client.de
velopment.js:16022:9)
      at scheduleUpdateOnFiber (node_modules/
react-dom/cjs/react-dom-client.development.js
:14396:11)
      at dispatchSetStateInternal (node_modul
es/react-dom/cjs/react-dom-client.development
.js:6969:13)
      at dispatchSetState (node_modules/react
-dom/cjs/react-dom-client.development.js:6927
:7)
      at src/ui/components/UploadBox.tsx:51:9
      at process.env.NODE_ENV.exports.flushSy
nc (node_modules/react-dom/cjs/react-dom.deve
lopment.js:136:18)
      at Object.updatePreview (src/ui/compone
nts/UploadBox.tsx:49:16)
      at Object.<anonymous> (src/ui/component
s/__tests__/UploadBox.test.tsx:147:20)

    console.error
      An update to UploadBox inside a test wa
s not wrapped in act(...).
      
      When testing, code that causes React st
ate updates should be wrapped into act(...):
      
      act(() => {
        /* fire events that update state */
      });
      /* assert on the output */
      
      This ensures that you're testing the be
havior the user would see in the browser. Lea
rn more at https://react.dev/link/wrap-tests-
with-act

    [0m [90m 50 |[39m         setHasManual
Override([36mtrue[39m)[33m;[39m
     [90m 51 |[39m         setPreview(image
Data)[33m;[39m
    [31m[1m>[22m[39m[90m 52 |[39m      
   setFileName(name)[33m;[39m
     [90m    |[39m         [31m[1m^[22m
[39m
     [90m 53 |[39m       })[33m;[39m
     [90m 54 |[39m       console[33m.[39m
log([32m'UploadBox preview state updated'[3
9m)[33m;[39m
     [90m 55 |[39m     }[0m

      at node_modules/react-dom/cjs/react-dom
-client.development.js:16023:19
      at runWithFiberInDEV (node_modules/reac
t-dom/cjs/react-dom-client.development.js:152
2:13)
      at warnIfUpdatesNotWrappedWithActDEV (n
ode_modules/react-dom/cjs/react-dom-client.de
velopment.js:16022:9)
      at scheduleUpdateOnFiber (node_modules/
react-dom/cjs/react-dom-client.development.js
:14396:11)
      at dispatchSetStateInternal (node_modul
es/react-dom/cjs/react-dom-client.development
.js:6969:13)
      at dispatchSetState (node_modules/react
-dom/cjs/react-dom-client.development.js:6927
:7)
      at src/ui/components/UploadBox.tsx:52:9
      at process.env.NODE_ENV.exports.flushSy
nc (node_modules/react-dom/cjs/react-dom.deve
lopment.js:136:18)
      at Object.updatePreview (src/ui/compone
nts/UploadBox.tsx:49:16)
      at Object.<anonymous> (src/ui/component
s/__tests__/UploadBox.test.tsx:147:20)

    console.log
      UploadBox preview state updated

      at Object.updatePreview (src/ui/compone
nts/UploadBox.tsx:54:15)

    console.log
      UploadBox.updatePreview called with: { 
name: 'test-name.png', dataLength: 27 }

      at Object.updatePreview (src/ui/compone
nts/UploadBox.tsx:48:15)

    console.error
      An update to UploadBox inside a test wa
s not wrapped in act(...).
      
      When testing, code that causes React st
ate updates should be wrapped into act(...):
      
      act(() => {
        /* fire events that update state */
      });
      /* assert on the output */
      
      This ensures that you're testing the be
havior the user would see in the browser. Lea
rn more at https://react.dev/link/wrap-tests-
with-act

    [0m [90m 48 |[39m       console[33m.
[39mlog([32m'UploadBox.updatePreview called 
with:'[39m[33m,[39m { name[33m,[39m data
Length[33m:[39m imageData[33m?[39m[33m.
[39mlength })[33m;[39m
     [90m 49 |[39m       flushSync(() [33m
=>[39m {
    [31m[1m>[22m[39m[90m 50 |[39m      
   setHasManualOverride([36mtrue[39m)[33m;
[39m
     [90m    |[39m         [31m[1m^[22m
[39m
     [90m 51 |[39m         setPreview(image
Data)[33m;[39m
     [90m 52 |[39m         setFileName(name
)[33m;[39m
     [90m 53 |[39m       })[33m;[39m[0m

      at node_modules/react-dom/cjs/react-dom
-client.development.js:16023:19
      at runWithFiberInDEV (node_modules/reac
t-dom/cjs/react-dom-client.development.js:152
2:13)
      at warnIfUpdatesNotWrappedWithActDEV (n
ode_modules/react-dom/cjs/react-dom-client.de
velopment.js:16022:9)
      at scheduleUpdateOnFiber (node_modules/
react-dom/cjs/react-dom-client.development.js
:14396:11)
      at dispatchSetStateInternal (node_modul
es/react-dom/cjs/react-dom-client.development
.js:6969:13)
      at dispatchSetState (node_modules/react
-dom/cjs/react-dom-client.development.js:6927
:7)
      at src/ui/components/UploadBox.tsx:50:9
      at process.env.NODE_ENV.exports.flushSy
nc (node_modules/react-dom/cjs/react-dom.deve
lopment.js:136:18)
      at Object.updatePreview (src/ui/compone
nts/UploadBox.tsx:49:16)
      at Object.<anonymous> (src/ui/component
s/__tests__/UploadBox.test.tsx:158:20)

    console.error
      An update to UploadBox inside a test wa
s not wrapped in act(...).
      
      When testing, code that causes React st
ate updates should be wrapped into act(...):
      
      act(() => {
        /* fire events that update state */
      });
      /* assert on the output */
      
      This ensures that you're testing the be
havior the user would see in the browser. Lea
rn more at https://react.dev/link/wrap-tests-
with-act

    [0m [90m 49 |[39m       flushSync(() 
[33m=>[39m {
     [90m 50 |[39m         setHasManualOver
ride([36mtrue[39m)[33m;[39m
    [31m[1m>[22m[39m[90m 51 |[39m      
   setPreview(imageData)[33m;[39m
     [90m    |[39m         [31m[1m^[22m
[39m
     [90m 52 |[39m         setFileName(name
)[33m;[39m
     [90m 53 |[39m       })[33m;[39m
     [90m 54 |[39m       console[33m.[39m
log([32m'UploadBox preview state updated'[3
9m)[33m;[39m[0m

      at node_modules/react-dom/cjs/react-dom
-client.development.js:16023:19
      at runWithFiberInDEV (node_modules/reac
t-dom/cjs/react-dom-client.development.js:152
2:13)
      at warnIfUpdatesNotWrappedWithActDEV (n
ode_modules/react-dom/cjs/react-dom-client.de
velopment.js:16022:9)
      at scheduleUpdateOnFiber (node_modules/
react-dom/cjs/react-dom-client.development.js
:14396:11)
      at dispatchSetStateInternal (node_modul
es/react-dom/cjs/react-dom-client.development
.js:6969:13)
      at dispatchSetState (node_modules/react
-dom/cjs/react-dom-client.development.js:6927
:7)
      at src/ui/components/UploadBox.tsx:51:9
      at process.env.NODE_ENV.exports.flushSy
nc (node_modules/react-dom/cjs/react-dom.deve
lopment.js:136:18)
      at Object.updatePreview (src/ui/compone
nts/UploadBox.tsx:49:16)
      at Object.<anonymous> (src/ui/component
s/__tests__/UploadBox.test.tsx:158:20)

    console.error
      An update to UploadBox inside a test wa
s not wrapped in act(...).
      
      When testing, code that causes React st
ate updates should be wrapped into act(...):
      
      act(() => {
        /* fire events that update state */
      });
      /* assert on the output */
      
      This ensures that you're testing the be
havior the user would see in the browser. Lea
rn more at https://react.dev/link/wrap-tests-
with-act

    [0m [90m 50 |[39m         setHasManual
Override([36mtrue[39m)[33m;[39m
     [90m 51 |[39m         setPreview(image
Data)[33m;[39m
    [31m[1m>[22m[39m[90m 52 |[39m      
   setFileName(name)[33m;[39m
     [90m    |[39m         [31m[1m^[22m
[39m
     [90m 53 |[39m       })[33m;[39m
     [90m 54 |[39m       console[33m.[39m
log([32m'UploadBox preview state updated'[3
9m)[33m;[39m
     [90m 55 |[39m     }[0m

      at node_modules/react-dom/cjs/react-dom
-client.development.js:16023:19
      at runWithFiberInDEV (node_modules/reac
t-dom/cjs/react-dom-client.development.js:152
2:13)
      at warnIfUpdatesNotWrappedWithActDEV (n
ode_modules/react-dom/cjs/react-dom-client.de
velopment.js:16022:9)
      at scheduleUpdateOnFiber (node_modules/
react-dom/cjs/react-dom-client.development.js
:14396:11)
      at dispatchSetStateInternal (node_modul
es/react-dom/cjs/react-dom-client.development
.js:6969:13)
      at dispatchSetState (node_modules/react
-dom/cjs/react-dom-client.development.js:6927
:7)
      at src/ui/components/UploadBox.tsx:52:9
      at process.env.NODE_ENV.exports.flushSy
nc (node_modules/react-dom/cjs/react-dom.deve
lopment.js:136:18)
      at Object.updatePreview (src/ui/compone
nts/UploadBox.tsx:49:16)
      at Object.<anonymous> (src/ui/component
s/__tests__/UploadBox.test.tsx:158:20)

    console.log
      UploadBox preview state updated

      at Object.updatePreview (src/ui/compone
nts/UploadBox.tsx:54:15)

    console.log
      UploadBox.updatePreview called with: { 
name: 'image.jpg', dataLength: 33 }

      at Object.updatePreview (src/ui/compone
nts/UploadBox.tsx:48:15)

    console.error
      An update to UploadBox inside a test wa
s not wrapped in act(...).
      
      When testing, code that causes React st
ate updates should be wrapped into act(...):
      
      act(() => {
        /* fire events that update state */
      });
      /* assert on the output */
      
      This ensures that you're testing the be
havior the user would see in the browser. Lea
rn more at https://react.dev/link/wrap-tests-
with-act

    [0m [90m 48 |[39m       console[33m.
[39mlog([32m'UploadBox.updatePreview called 
with:'[39m[33m,[39m { name[33m,[39m data
Length[33m:[39m imageData[33m?[39m[33m.
[39mlength })[33m;[39m
     [90m 49 |[39m       flushSync(() [33m
=>[39m {
    [31m[1m>[22m[39m[90m 50 |[39m      
   setHasManualOverride([36mtrue[39m)[33m;
[39m
     [90m    |[39m         [31m[1m^[22m
[39m
     [90m 51 |[39m         setPreview(image
Data)[33m;[39m
     [90m 52 |[39m         setFileName(name
)[33m;[39m
     [90m 53 |[39m       })[33m;[39m[0m

      at node_modules/react-dom/cjs/react-dom
-client.development.js:16023:19
      at runWithFiberInDEV (node_modules/reac
t-dom/cjs/react-dom-client.development.js:152
2:13)
      at warnIfUpdatesNotWrappedWithActDEV (n
ode_modules/react-dom/cjs/react-dom-client.de
velopment.js:16022:9)
      at scheduleUpdateOnFiber (node_modules/
react-dom/cjs/react-dom-client.development.js
:14396:11)
      at dispatchSetStateInternal (node_modul
es/react-dom/cjs/react-dom-client.development
.js:6969:13)
      at dispatchSetState (node_modules/react
-dom/cjs/react-dom-client.development.js:6927
:7)
      at src/ui/components/UploadBox.tsx:50:9
      at process.env.NODE_ENV.exports.flushSy
nc (node_modules/react-dom/cjs/react-dom.deve
lopment.js:136:18)
      at Object.updatePreview (src/ui/compone
nts/UploadBox.tsx:49:16)
      at Object.<anonymous> (src/ui/component
s/__tests__/UploadBox.test.tsx:169:20)

    console.error
      An update to UploadBox inside a test wa
s not wrapped in act(...).
      
      When testing, code that causes React st
ate updates should be wrapped into act(...):
      
      act(() => {
        /* fire events that update state */
      });
      /* assert on the output */
      
      This ensures that you're testing the be
havior the user would see in the browser. Lea
rn more at https://react.dev/link/wrap-tests-
with-act

    [0m [90m 49 |[39m       flushSync(() 
[33m=>[39m {
     [90m 50 |[39m         setHasManualOver
ride([36mtrue[39m)[33m;[39m
    [31m[1m>[22m[39m[90m 51 |[39m      
   setPreview(imageData)[33m;[39m
     [90m    |[39m         [31m[1m^[22m
[39m
     [90m 52 |[39m         setFileName(name
)[33m;[39m
     [90m 53 |[39m       })[33m;[39m
     [90m 54 |[39m       console[33m.[39m
log([32m'UploadBox preview state updated'[3
9m)[33m;[39m[0m

      at node_modules/react-dom/cjs/react-dom
-client.development.js:16023:19
      at runWithFiberInDEV (node_modules/reac
t-dom/cjs/react-dom-client.development.js:152
2:13)
      at warnIfUpdatesNotWrappedWithActDEV (n
ode_modules/react-dom/cjs/react-dom-client.de
velopment.js:16022:9)
      at scheduleUpdateOnFiber (node_modules/
react-dom/cjs/react-dom-client.development.js
:14396:11)
      at dispatchSetStateInternal (node_modul
es/react-dom/cjs/react-dom-client.development
.js:6969:13)
      at dispatchSetState (node_modules/react
-dom/cjs/react-dom-client.development.js:6927
:7)
      at src/ui/components/UploadBox.tsx:51:9
      at process.env.NODE_ENV.exports.flushSy
nc (node_modules/react-dom/cjs/react-dom.deve
lopment.js:136:18)
      at Object.updatePreview (src/ui/compone
nts/UploadBox.tsx:49:16)
      at Object.<anonymous> (src/ui/component
s/__tests__/UploadBox.test.tsx:169:20)

    console.error
      An update to UploadBox inside a test wa
s not wrapped in act(...).
      
      When testing, code that causes React st
ate updates should be wrapped into act(...):
      
      act(() => {
        /* fire events that update state */
      });
      /* assert on the output */
      
      This ensures that you're testing the be
havior the user would see in the browser. Lea
rn more at https://react.dev/link/wrap-tests-
with-act

    [0m [90m 50 |[39m         setHasManual
Override([36mtrue[39m)[33m;[39m
     [90m 51 |[39m         setPreview(image
Data)[33m;[39m
    [31m[1m>[22m[39m[90m 52 |[39m      
   setFileName(name)[33m;[39m
     [90m    |[39m         [31m[1m^[22m
[39m
     [90m 53 |[39m       })[33m;[39m
     [90m 54 |[39m       console[33m.[39m
log([32m'UploadBox preview state updated'[3
9m)[33m;[39m
     [90m 55 |[39m     }[0m

      at node_modules/react-dom/cjs/react-dom
-client.development.js:16023:19
      at runWithFiberInDEV (node_modules/reac
t-dom/cjs/react-dom-client.development.js:152
2:13)
      at warnIfUpdatesNotWrappedWithActDEV (n
ode_modules/react-dom/cjs/react-dom-client.de
velopment.js:16022:9)
      at scheduleUpdateOnFiber (node_modules/
react-dom/cjs/react-dom-client.development.js
:14396:11)
      at dispatchSetStateInternal (node_modul
es/react-dom/cjs/react-dom-client.development
.js:6969:13)
      at dispatchSetState (node_modules/react
-dom/cjs/react-dom-client.development.js:6927
:7)
      at src/ui/components/UploadBox.tsx:52:9
      at process.env.NODE_ENV.exports.flushSy
nc (node_modules/react-dom/cjs/react-dom.deve
lopment.js:136:18)
      at Object.updatePreview (src/ui/compone
nts/UploadBox.tsx:49:16)
      at Object.<anonymous> (src/ui/component
s/__tests__/UploadBox.test.tsx:169:20)

    console.log
      UploadBox preview state updated

      at Object.updatePreview (src/ui/compone
nts/UploadBox.tsx:54:15)

    console.error
      An update to UploadBox inside a test wa
s not wrapped in act(...).
      
      When testing, code that causes React st
ate updates should be wrapped into act(...):
      
      act(() => {
        /* fire events that update state */
      });
      /* assert on the output */
      
      This ensures that you're testing the be
havior the user would see in the browser. Lea
rn more at https://react.dev/link/wrap-tests-
with-act

    [0m [90m 36 |[39m     clearPreview[33
m:[39m () [33m=>[39m {
     [90m 37 |[39m       flushSync(() [33m
=>[39m {
    [31m[1m>[22m[39m[90m 38 |[39m      
   setHasManualOverride([36mtrue[39m)[33m;
[39m
     [90m    |[39m         [31m[1m^[22m
[39m
     [90m 39 |[39m         setPreview([36m
null[39m)[33m;[39m
     [90m 40 |[39m         setFileName([36
mnull[39m)[33m;[39m
     [90m 41 |[39m       })[33m;[39m[0m

      at node_modules/react-dom/cjs/react-dom
-client.development.js:16023:19
      at runWithFiberInDEV (node_modules/reac
t-dom/cjs/react-dom-client.development.js:152
2:13)
      at warnIfUpdatesNotWrappedWithActDEV (n
ode_modules/react-dom/cjs/react-dom-client.de
velopment.js:16022:9)
      at scheduleUpdateOnFiber (node_modules/
react-dom/cjs/react-dom-client.development.js
:14396:11)
      at dispatchSetStateInternal (node_modul
es/react-dom/cjs/react-dom-client.development
.js:6969:13)
      at dispatchSetState (node_modules/react
-dom/cjs/react-dom-client.development.js:6927
:7)
      at src/ui/components/UploadBox.tsx:38:9
      at process.env.NODE_ENV.exports.flushSy
nc (node_modules/react-dom/cjs/react-dom.deve
lopment.js:136:18)
      at Object.clearPreview (src/ui/componen
ts/UploadBox.tsx:37:16)
      at Object.<anonymous> (src/ui/component
s/__tests__/UploadBox.test.tsx:226:20)

    console.error
      An update to UploadBox inside a test wa
s not wrapped in act(...).
      
      When testing, code that causes React st
ate updates should be wrapped into act(...):
      
      act(() => {
        /* fire events that update state */
      });
      /* assert on the output */
      
      This ensures that you're testing the be
havior the user would see in the browser. Lea
rn more at https://react.dev/link/wrap-tests-
with-act

    [0m [90m 37 |[39m       flushSync(() 
[33m=>[39m {
     [90m 38 |[39m         setHasManualOver
ride([36mtrue[39m)[33m;[39m
    [31m[1m>[22m[39m[90m 39 |[39m      
   setPreview([36mnull[39m)[33m;[39m
     [90m    |[39m         [31m[1m^[22m
[39m
     [90m 40 |[39m         setFileName([36
mnull[39m)[33m;[39m
     [90m 41 |[39m       })[33m;[39m
     [90m 42 |[39m       [90m// Reset the 
file input value so the same file can be sele
cted again[39m[0m

      at node_modules/react-dom/cjs/react-dom
-client.development.js:16023:19
      at runWithFiberInDEV (node_modules/reac
t-dom/cjs/react-dom-client.development.js:152
2:13)
      at warnIfUpdatesNotWrappedWithActDEV (n
ode_modules/react-dom/cjs/react-dom-client.de
velopment.js:16022:9)
      at scheduleUpdateOnFiber (node_modules/
react-dom/cjs/react-dom-client.development.js
:14396:11)
      at dispatchSetStateInternal (node_modul
es/react-dom/cjs/react-dom-client.development
.js:6969:13)
      at dispatchSetState (node_modules/react
-dom/cjs/react-dom-client.development.js:6927
:7)
      at src/ui/components/UploadBox.tsx:39:9
      at process.env.NODE_ENV.exports.flushSy
nc (node_modules/react-dom/cjs/react-dom.deve
lopment.js:136:18)
      at Object.clearPreview (src/ui/componen
ts/UploadBox.tsx:37:16)
      at Object.<anonymous> (src/ui/component
s/__tests__/UploadBox.test.tsx:226:20)

    console.error
      An update to UploadBox inside a test wa
s not wrapped in act(...).
      
      When testing, code that causes React st
ate updates should be wrapped into act(...):
      
      act(() => {
        /* fire events that update state */
      });
      /* assert on the output */
      
      This ensures that you're testing the be
havior the user would see in the browser. Lea
rn more at https://react.dev/link/wrap-tests-
with-act

    [0m [90m 38 |[39m         setHasManual
Override([36mtrue[39m)[33m;[39m
     [90m 39 |[39m         setPreview([36m
null[39m)[33m;[39m
    [31m[1m>[22m[39m[90m 40 |[39m      
   setFileName([36mnull[39m)[33m;[39m
     [90m    |[39m         [31m[1m^[22m
[39m
     [90m 41 |[39m       })[33m;[39m
     [90m 42 |[39m       [90m// Reset the 
file input value so the same file can be sele
cted again[39m
     [90m 43 |[39m       [36mif[39m (inpu
tRef[33m.[39mcurrent) {[0m

      at node_modules/react-dom/cjs/react-dom
-client.development.js:16023:19
      at runWithFiberInDEV (node_modules/reac
t-dom/cjs/react-dom-client.development.js:152
2:13)
      at warnIfUpdatesNotWrappedWithActDEV (n
ode_modules/react-dom/cjs/react-dom-client.de
velopment.js:16022:9)
      at scheduleUpdateOnFiber (node_modules/
react-dom/cjs/react-dom-client.development.js
:14396:11)
      at dispatchSetStateInternal (node_modul
es/react-dom/cjs/react-dom-client.development
.js:6969:13)
      at dispatchSetState (node_modules/react
-dom/cjs/react-dom-client.development.js:6927
:7)
      at src/ui/components/UploadBox.tsx:40:9
      at process.env.NODE_ENV.exports.flushSy
nc (node_modules/react-dom/cjs/react-dom.deve
lopment.js:136:18)
      at Object.clearPreview (src/ui/componen
ts/UploadBox.tsx:37:16)
      at Object.<anonymous> (src/ui/component
s/__tests__/UploadBox.test.tsx:226:20)

    console.error
      An update to UploadBox inside a test wa
s not wrapped in act(...).
      
      When testing, code that causes React st
ate updates should be wrapped into act(...):
      
      act(() => {
        /* fire events that update state */
      });
      /* assert on the output */
      
      This ensures that you're testing the be
havior the user would see in the browser. Lea
rn more at https://react.dev/link/wrap-tests-
with-act

    [0m [90m 36 |[39m     clearPreview[33
m:[39m () [33m=>[39m {
     [90m 37 |[39m       flushSync(() [33m
=>[39m {
    [31m[1m>[22m[39m[90m 38 |[39m      
   setHasManualOverride([36mtrue[39m)[33m;
[39m
     [90m    |[39m         [31m[1m^[22m
[39m
     [90m 39 |[39m         setPreview([36m
null[39m)[33m;[39m
     [90m 40 |[39m         setFileName([36
mnull[39m)[33m;[39m
     [90m 41 |[39m       })[33m;[39m[0m

      at node_modules/react-dom/cjs/react-dom
-client.development.js:16023:19
      at runWithFiberInDEV (node_modules/reac
t-dom/cjs/react-dom-client.development.js:152
2:13)
      at warnIfUpdatesNotWrappedWithActDEV (n
ode_modules/react-dom/cjs/react-dom-client.de
velopment.js:16022:9)
      at scheduleUpdateOnFiber (node_modules/
react-dom/cjs/react-dom-client.development.js
:14396:11)
      at dispatchSetStateInternal (node_modul
es/react-dom/cjs/react-dom-client.development
.js:6969:13)
      at dispatchSetState (node_modules/react
-dom/cjs/react-dom-client.development.js:6927
:7)
      at src/ui/components/UploadBox.tsx:38:9
      at process.env.NODE_ENV.exports.flushSy
nc (node_modules/react-dom/cjs/react-dom.deve
lopment.js:136:18)
      at Object.clearPreview (src/ui/componen
ts/UploadBox.tsx:37:16)
      at Object.<anonymous> (src/ui/component
s/__tests__/UploadBox.test.tsx:243:20)

    console.error
      An update to UploadBox inside a test wa
s not wrapped in act(...).
      
      When testing, code that causes React st
ate updates should be wrapped into act(...):
      
      act(() => {
        /* fire events that update state */
      });
      /* assert on the output */
      
      This ensures that you're testing the be
havior the user would see in the browser. Lea
rn more at https://react.dev/link/wrap-tests-
with-act

    [0m [90m 37 |[39m       flushSync(() 
[33m=>[39m {
     [90m 38 |[39m         setHasManualOver
ride([36mtrue[39m)[33m;[39m
    [31m[1m>[22m[39m[90m 39 |[39m      
   setPreview([36mnull[39m)[33m;[39m
     [90m    |[39m         [31m[1m^[22m
[39m
     [90m 40 |[39m         setFileName([36
mnull[39m)[33m;[39m
     [90m 41 |[39m       })[33m;[39m
     [90m 42 |[39m       [90m// Reset the 
file input value so the same file can be sele
cted again[39m[0m

      at node_modules/react-dom/cjs/react-dom
-client.development.js:16023:19
      at runWithFiberInDEV (node_modules/reac
t-dom/cjs/react-dom-client.development.js:152
2:13)
      at warnIfUpdatesNotWrappedWithActDEV (n
ode_modules/react-dom/cjs/react-dom-client.de
velopment.js:16022:9)
      at scheduleUpdateOnFiber (node_modules/
react-dom/cjs/react-dom-client.development.js
:14396:11)
      at dispatchSetStateInternal (node_modul
es/react-dom/cjs/react-dom-client.development
.js:6969:13)
      at dispatchSetState (node_modules/react
-dom/cjs/react-dom-client.development.js:6927
:7)
      at src/ui/components/UploadBox.tsx:39:9
      at process.env.NODE_ENV.exports.flushSy
nc (node_modules/react-dom/cjs/react-dom.deve
lopment.js:136:18)
      at Object.clearPreview (src/ui/componen
ts/UploadBox.tsx:37:16)
      at Object.<anonymous> (src/ui/component
s/__tests__/UploadBox.test.tsx:243:20)

    console.error
      An update to UploadBox inside a test wa
s not wrapped in act(...).
      
      When testing, code that causes React st
ate updates should be wrapped into act(...):
      
      act(() => {
        /* fire events that update state */
      });
      /* assert on the output */
      
      This ensures that you're testing the be
havior the user would see in the browser. Lea
rn more at https://react.dev/link/wrap-tests-
with-act

    [0m [90m 38 |[39m         setHasManual
Override([36mtrue[39m)[33m;[39m
     [90m 39 |[39m         setPreview([36m
null[39m)[33m;[39m
    [31m[1m>[22m[39m[90m 40 |[39m      
   setFileName([36mnull[39m)[33m;[39m
     [90m    |[39m         [31m[1m^[22m
[39m
     [90m 41 |[39m       })[33m;[39m
     [90m 42 |[39m       [90m// Reset the 
file input value so the same file can be sele
cted again[39m
     [90m 43 |[39m       [36mif[39m (inpu
tRef[33m.[39mcurrent) {[0m

      at node_modules/react-dom/cjs/react-dom
-client.development.js:16023:19
      at runWithFiberInDEV (node_modules/reac
t-dom/cjs/react-dom-client.development.js:152
2:13)
      at warnIfUpdatesNotWrappedWithActDEV (n
ode_modules/react-dom/cjs/react-dom-client.de
velopment.js:16022:9)
      at scheduleUpdateOnFiber (node_modules/
react-dom/cjs/react-dom-client.development.js
:14396:11)
      at dispatchSetStateInternal (node_modul
es/react-dom/cjs/react-dom-client.development
.js:6969:13)
      at dispatchSetState (node_modules/react
-dom/cjs/react-dom-client.development.js:6927
:7)
      at src/ui/components/UploadBox.tsx:40:9
      at process.env.NODE_ENV.exports.flushSy
nc (node_modules/react-dom/cjs/react-dom.deve
lopment.js:136:18)
      at Object.clearPreview (src/ui/componen
ts/UploadBox.tsx:37:16)
      at Object.<anonymous> (src/ui/component
s/__tests__/UploadBox.test.tsx:243:20)

FAIL src/ui/components/__tests__/Sidebar.test
.tsx
  ΓùÅ Test suite failed to run

    [96msrc/ui/components/__tests__/Sidebar.
test.tsx[0m:[93m2[0m:[93m26[0m - [91mer
ror[0m[90m TS6133: [0m'fireEvent' is decla
red but its value is never read.

    [7m2[0m import { render, screen, fireEv
ent } from '@testing-library/react';
    [7m [0m [91m                         ~
~~~~~~~~[0m
    [96msrc/ui/components/__tests__/Sidebar.
test.tsx[0m:[93m30[0m:[93m27[0m - [91me
rror[0m[90m TS2339: [0mProperty 'getByAlt'
 does not exist on type 'Screen<typeof import
("C:/Users/User/Projects/desktop_app/posichec
k/node_modules/@testing-library/dom/types/que
ries")>'.

    [7m30[0m       const logo = screen.getB
yAlt('PosiCheck');
    [7m  [0m [91m                         
 ~~~~~~~~[0m

FAIL src/ui/components/__tests__/Modal.test.t
sx
  ΓùÅ Test suite failed to run

    [96msrc/ui/components/Modal.tsx[0m:[93
m41[0m:[93m6[0m - [91merror[0m[90m TS26
86: [0m'React' refers to a UMD global, but t
he current file is a module. Consider adding 
an import instead.

    [7m41[0m     <div className="fixed inse
t-0 z-50 flex items-center justify-center p-4
 bg-black bg-opacity-50">
    [7m  [0m [91m     ~~~[0m
    [96msrc/ui/components/Modal.tsx[0m:[93
m42[0m:[93m8[0m - [91merror[0m[90m TS26
86: [0m'React' refers to a UMD global, but t
he current file is a module. Consider adding 
an import instead.

    [7m42[0m       <div
    [7m  [0m [91m       ~~~[0m
    [96msrc/ui/components/Modal.tsx[0m:[93
m47[0m:[93m10[0m - [91merror[0m[90m TS2
686: [0m'React' refers to a UMD global, but 
the current file is a module. Consider adding
 an import instead.

    [7m47[0m         <div className="flex j
ustify-between items-center p-4 border-b">
    [7m  [0m [91m         ~~~[0m
    [96msrc/ui/components/Modal.tsx[0m:[93
m48[0m:[93m12[0m - [91merror[0m[90m TS2
686: [0m'React' refers to a UMD global, but 
the current file is a module. Consider adding
 an import instead.

    [7m48[0m           <h3 className="text-
lg font-medium">{title}</h3>
    [7m  [0m [91m           ~~[0m
    [96msrc/ui/components/Modal.tsx[0m:[93
m49[0m:[93m12[0m - [91merror[0m[90m TS2
686: [0m'React' refers to a UMD global, but 
the current file is a module. Consider adding
 an import instead.

    [7m49[0m           <button
    [7m  [0m [91m           ~~~~~~[0m
    [96msrc/ui/components/Modal.tsx[0m:[93
m56[0m:[93m10[0m - [91merror[0m[90m TS2
686: [0m'React' refers to a UMD global, but 
the current file is a module. Consider adding
 an import instead.

    [7m56[0m         <div className="p-4 ov
erflow-y-auto flex-1 text-gray-700 custom-scr
ollbar">
    [7m  [0m [91m         ~~~[0m
    [96msrc/ui/components/Modal.tsx[0m:[93
m62[0m:[93m12[0m - [91merror[0m[90m TS2
686: [0m'React' refers to a UMD global, but 
the current file is a module. Consider adding
 an import instead.

    [7m62[0m           <div className="p-4 
border-t">
    [7m  [0m [91m           ~~~[0m

Test Suites: 3 failed, 4 passed, 7 total
Tests:       74 passed, 74 total
Snapshots:   0 total
Time:        11.176 s
Ran all test suites.
npm verbose cwd C:\Users\User\Projects\deskto
p_app\posicheck
npm verbose os Windows_NT 10.0.26200
npm verbose node v22.14.0
npm verbose npm  v10.9.2
npm verbose exit 1
npm verbose code 1
